Flow report for pipelined
Fri May 29 09:10:17 2026
Quartus Prime Version 18.1.0 Build 625 09/12/2018 SJ Lite Edition


---------------------
; Table of Contents ;
---------------------
  1. Legal Notice
  2. Flow Summary
  3. Flow Settings
  4. Flow Non-Default Global Settings
  5. Flow Elapsed Time
  6. Flow OS Summary
  7. Flow Log
  8. Flow Messages
  9. Flow Suppressed Messages



----------------
; Legal Notice ;
----------------
Copyright (C) 2018  Intel Corporation. All rights reserved.
Your use of Intel Corporation's design tools, logic functions 
and other software and tools, and its AMPP partner logic 
functions, and any output files from any of the foregoing 
(including device programming or simulation files), and any 
associated documentation or information are expressly subject 
to the terms and conditions of the Intel Program License 
Subscription Agreement, the Intel Quartus Prime License Agreement,
the Intel FPGA IP License Agreement, or other applicable license
agreement, including, without limitation, that your use is for
the sole purpose of programming logic devices manufactured by
Intel and sold by Intel or its authorized distributors.  Please
refer to the applicable agreement for further details.



+-------------------------------------------------------------------------------+
; Flow Summary                                                                  ;
+---------------------------------+---------------------------------------------+
; Flow Status                     ; Successful - Fri May 29 09:09:23 2026       ;
; Quartus Prime Version           ; 18.1.0 Build 625 09/12/2018 SJ Lite Edition ;
; Revision Name                   ; pipelined                                   ;
; Top-level Entity Name           ; wrapper_pipelined                           ;
; Family                          ; Cyclone V                                   ;
; Device                          ; 5CSXFC6D6F31C6                              ;
; Timing Models                   ; Final                                       ;
; Logic utilization (in ALMs)     ; 30,094 / 41,910 ( 72 % )                    ;
; Total registers                 ; 5654                                        ;
; Total pins                      ; 172 / 499 ( 34 % )                          ;
; Total virtual pins              ; 0                                           ;
; Total block memory bits         ; 580,325 / 5,662,720 ( 10 % )                ;
; Total DSP Blocks                ; 12 / 112 ( 11 % )                           ;
; Total HSSI RX PCSs              ; 0 / 9 ( 0 % )                               ;
; Total HSSI PMA RX Deserializers ; 0 / 9 ( 0 % )                               ;
; Total HSSI TX PCSs              ; 0 / 9 ( 0 % )                               ;
; Total HSSI PMA TX Serializers   ; 0 / 9 ( 0 % )                               ;
; Total PLLs                      ; 1 / 15 ( 7 % )                              ;
; Total DLLs                      ; 0 / 4 ( 0 % )                               ;
+---------------------------------+---------------------------------------------+


+-----------------------------------------+
; Flow Settings                           ;
+-------------------+---------------------+
; Option            ; Setting             ;
+-------------------+---------------------+
; Start date & time ; 05/29/2026 08:56:17 ;
; Main task         ; Compilation         ;
; Revision Name     ; pipelined           ;
+-------------------+---------------------+


+-------------------------------------------------------------------------------------------------------------------------------+
; Flow Non-Default Global Settings                                                                                              ;
+-------------------------------------+----------------------------------------+---------------+-------------------+------------+
; Assignment Name                     ; Value                                  ; Default Value ; Entity Name       ; Section Id ;
+-------------------------------------+----------------------------------------+---------------+-------------------+------------+
; COMPILER_SIGNATURE_ID               ; 238300920159747.178001977618440        ; --            ; --                ; --         ;
; FITTER_EFFORT                       ; Standard Fit                           ; Auto Fit      ; --                ; --         ;
; MAX_CORE_JUNCTION_TEMP              ; 85                                     ; --            ; --                ; --         ;
; MIN_CORE_JUNCTION_TEMP              ; 0                                      ; --            ; --                ; --         ;
; MISC_FILE                           ; PLL_20MHz.cmp                          ; --            ; --                ; --         ;
; MISC_FILE                           ; PLL_20MHz_sim/PLL_20MHz.vo             ; --            ; --                ; --         ;
; MUX_RESTRUCTURE                     ; Off                                    ; Auto          ; --                ; --         ;
; NUM_PARALLEL_PROCESSORS             ; 6                                      ; --            ; --                ; --         ;
; OPTIMIZATION_MODE                   ; Aggressive Performance                 ; Balanced      ; --                ; --         ;
; OPTIMIZATION_TECHNIQUE              ; Speed                                  ; Balanced      ; --                ; --         ;
; PARTITION_COLOR                     ; -- (Not supported for targeted family) ; --            ; wrapper_pipelined ; Top        ;
; PARTITION_FITTER_PRESERVATION_LEVEL ; -- (Not supported for targeted family) ; --            ; wrapper_pipelined ; Top        ;
; PARTITION_NETLIST_TYPE              ; -- (Not supported for targeted family) ; --            ; wrapper_pipelined ; Top        ;
; PHYSICAL_SYNTHESIS_COMBO_LOGIC      ; On                                     ; Off           ; --                ; --         ;
; PLACEMENT_EFFORT_MULTIPLIER         ; 4.0                                    ; 1.0           ; --                ; --         ;
; POWER_BOARD_THERMAL_MODEL           ; None (CONSERVATIVE)                    ; --            ; --                ; --         ;
; POWER_PRESET_COOLING_SOLUTION       ; 23 MM HEAT SINK WITH 200 LFPM AIRFLOW  ; --            ; --                ; --         ;
; PROJECT_OUTPUT_DIRECTORY            ; output_files                           ; --            ; --                ; --         ;
; ROUTER_TIMING_OPTIMIZATION_LEVEL    ; MAXIMUM                                ; Normal        ; --                ; --         ;
; SPD_FILE                            ; PLL_20MHz.spd                          ; --            ; --                ; --         ;
; SYNTHESIS_ONLY_QIP                  ; On                                     ; --            ; --                ; --         ;
; TOP_LEVEL_ENTITY                    ; wrapper_pipelined                      ; pipelined     ; --                ; --         ;
+-------------------------------------+----------------------------------------+---------------+-------------------+------------+


+--------------------------------------------------------------------------------------------------------------------------+
; Flow Elapsed Time                                                                                                        ;
+----------------------+--------------+-------------------------+---------------------+------------------------------------+
; Module Name          ; Elapsed Time ; Average Processors Used ; Peak Virtual Memory ; Total CPU Time (on all processors) ;
+----------------------+--------------+-------------------------+---------------------+------------------------------------+
; Analysis & Synthesis ; 00:02:17     ; 1.8                     ; 5302 MB             ; 00:03:38                           ;
; Fitter               ; 00:10:10     ; 1.5                     ; 7680 MB             ; 00:32:20                           ;
; Assembler            ; 00:00:23     ; 1.0                     ; 5202 MB             ; 00:00:19                           ;
; Timing Analyzer      ; 00:00:53     ; 4.0                     ; 5883 MB             ; 00:03:14                           ;
; Total                ; 00:13:43     ; --                      ; --                  ; 00:39:31                           ;
+----------------------+--------------+-------------------------+---------------------+------------------------------------+


+------------------------------------------------------------------------------------+
; Flow OS Summary                                                                    ;
+----------------------+------------------+------------+------------+----------------+
; Module Name          ; Machine Hostname ; OS Name    ; OS Version ; Processor type ;
+----------------------+------------------+------------+------------+----------------+
; Analysis & Synthesis ; Huy-PC           ; Windows 10 ; 10.0       ; x86_64         ;
; Fitter               ; Huy-PC           ; Windows 10 ; 10.0       ; x86_64         ;
; Assembler            ; Huy-PC           ; Windows 10 ; 10.0       ; x86_64         ;
; Timing Analyzer      ; Huy-PC           ; Windows 10 ; 10.0       ; x86_64         ;
+----------------------+------------------+------------+------------+----------------+


------------
; Flow Log ;
------------
quartus_map --read_settings_files=on --write_settings_files=off pipelined -c pipelined
quartus_fit --read_settings_files=off --write_settings_files=off pipelined -c pipelined
quartus_asm --read_settings_files=off --write_settings_files=off pipelined -c pipelined
quartus_sta pipelined -c pipelined



